[
  {
    "passed": false,
    "ignored": false,
    "resource_id": "PasswordPolicy",
    "resource_namespace": "us-east-1",
    "resource_type": "aws_iam_account_password_policy",
    "severity": "high",
    "resources": [
      {
        "id": "PasswordPolicy",
        "type": "aws_iam_account_password_policy",
        "namespace": "us-east-1",
        "attributes": [
          {
            "path": [
              "minimum_password_length"
            ]
          }
        ]
      }
    ]
  }
]