[
  {
    "passed": false,
    "ignored": false,
    "resource_id": "aws_vpc.invalid",
    "resource_namespace": "spec/rules/VPC_FLOW_LOG_EXCEPTION/inputs/vpc.tf",
    "resource_type": "aws_vpc",
    "severity": "high",
    "resources": [
      {
        "id": "aws_vpc.invalid",
        "type": "aws_vpc",
        "namespace": "spec/rules/VPC_FLOW_LOG_EXCEPTION/inputs/vpc.tf",
        "location": [
          {
            "filepath": "spec/rules/VPC_FLOW_LOG_EXCEPTION/inputs/vpc.tf",
            "line": 46,
            "column": 1
          }
        ],
        "attributes": [
          {
            "path": [
              "tags",
              "name"
            ],
            "location": {
              "filepath": "spec/rules/VPC_FLOW_LOG_EXCEPTION/inputs/vpc.tf",
              "line": 50,
              "column": 3
            }
          }
        ]
      }
    ]
  },
  {
    "passed": true,
    "ignored": false,
    "resource_id": "aws_vpc.valid",
    "resource_namespace": "spec/rules/VPC_FLOW_LOG_EXCEPTION/inputs/vpc.tf",
    "resource_type": "aws_vpc",
    "severity": "high",
    "resources": [
      {
        "id": "aws_vpc.valid",
        "type": "aws_vpc",
        "namespace": "spec/rules/VPC_FLOW_LOG_EXCEPTION/inputs/vpc.tf",
        "location": [
          {
            "filepath": "spec/rules/VPC_FLOW_LOG_EXCEPTION/inputs/vpc.tf",
            "line": 19,
            "column": 1
          }
        ],
        "attributes": [
          {
            "path": [
              "tags",
              "name"
            ],
            "location": {
              "filepath": "spec/rules/VPC_FLOW_LOG_EXCEPTION/inputs/vpc.tf",
              "line": 23,
              "column": 3
            }
          }
        ]
      }
    ]
  },
  {
    "passed": false,
    "ignored": false,
    "resource_id": "aws_vpc.valid2",
    "resource_namespace": "spec/rules/VPC_FLOW_LOG_EXCEPTION/inputs/vpc.tf",
    "resource_type": "aws_vpc",
    "severity": "high",
    "resources": [
      {
        "id": "aws_flow_log.valid2",
        "type": "aws_flow_log",
        "namespace": "spec/rules/VPC_FLOW_LOG_EXCEPTION/inputs/vpc.tf",
        "location": [
          {
            "filepath": "spec/rules/VPC_FLOW_LOG_EXCEPTION/inputs/vpc.tf",
            "line": 37,
            "column": 1
          }
        ],
        "attributes": [
          {
            "path": [
              "vpc_id"
            ],
            "location": {
              "filepath": "spec/rules/VPC_FLOW_LOG_EXCEPTION/inputs/vpc.tf",
              "line": 41,
              "column": 3
            }
          }
        ]
      },
      {
        "id": "aws_vpc.valid2",
        "type": "aws_vpc",
        "namespace": "spec/rules/VPC_FLOW_LOG_EXCEPTION/inputs/vpc.tf",
        "location": [
          {
            "filepath": "spec/rules/VPC_FLOW_LOG_EXCEPTION/inputs/vpc.tf",
            "line": 28,
            "column": 1
          }
        ],
        "attributes": [
          {
            "path": [
              "tags",
              "name"
            ],
            "location": {
              "filepath": "spec/rules/VPC_FLOW_LOG_EXCEPTION/inputs/vpc.tf",
              "line": 32,
              "column": 3
            }
          }
        ]
      }
    ]
  }
]