[
  {
    "passed": false,
    "ignored": false,
    "resource_id": "aws_s3_bucket.invalid",
    "resource_namespace": "spec/rules/S3_BUCKET_ACL/inputs/s3_bucket_acl.tf",
    "resource_type": "aws_s3_bucket",
    "severity": "critical",
    "resources": [
      {
        "id": "aws_s3_bucket.invalid",
        "type": "aws_s3_bucket",
        "namespace": "spec/rules/S3_BUCKET_ACL/inputs/s3_bucket_acl.tf",
        "location": [
          {
            "filepath": "spec/rules/S3_BUCKET_ACL/inputs/s3_bucket_acl.tf",
            "line": 37,
            "column": 1
          }
        ],
        "attributes": [
          {
            "path": [
              "bucket"
            ],
            "location": {
              "filepath": "spec/rules/S3_BUCKET_ACL/inputs/s3_bucket_acl.tf",
              "line": 38,
              "column": 3
            }
          }
        ]
      },
      {
        "id": "aws_s3_bucket_acl.invalid",
        "type": "aws_s3_bucket_acl",
        "namespace": "spec/rules/S3_BUCKET_ACL/inputs/s3_bucket_acl.tf",
        "location": [
          {
            "filepath": "spec/rules/S3_BUCKET_ACL/inputs/s3_bucket_acl.tf",
            "line": 57,
            "column": 1
          }
        ],
        "attributes": [
          {
            "path": [
              "acl"
            ],
            "location": {
              "filepath": "spec/rules/S3_BUCKET_ACL/inputs/s3_bucket_acl.tf",
              "line": 64,
              "column": 3
            }
          },
          {
            "path": [
              "bucket"
            ],
            "location": {
              "filepath": "spec/rules/S3_BUCKET_ACL/inputs/s3_bucket_acl.tf",
              "line": 63,
              "column": 3
            }
          }
        ]
      }
    ]
  },
  {
    "passed": true,
    "ignored": false,
    "resource_id": "aws_s3_bucket.valid",
    "resource_namespace": "spec/rules/S3_BUCKET_ACL/inputs/s3_bucket_acl.tf",
    "resource_type": "aws_s3_bucket",
    "severity": "critical",
    "resources": [
      {
        "id": "aws_s3_bucket.valid",
        "type": "aws_s3_bucket",
        "namespace": "spec/rules/S3_BUCKET_ACL/inputs/s3_bucket_acl.tf",
        "location": [
          {
            "filepath": "spec/rules/S3_BUCKET_ACL/inputs/s3_bucket_acl.tf",
            "line": 19,
            "column": 1
          }
        ],
        "attributes": [
          {
            "path": [
              "bucket"
            ],
            "location": {
              "filepath": "spec/rules/S3_BUCKET_ACL/inputs/s3_bucket_acl.tf",
              "line": 20,
              "column": 3
            }
          }
        ]
      },
      {
        "id": "aws_s3_bucket_acl.valid",
        "type": "aws_s3_bucket_acl",
        "namespace": "spec/rules/S3_BUCKET_ACL/inputs/s3_bucket_acl.tf",
        "location": [
          {
            "filepath": "spec/rules/S3_BUCKET_ACL/inputs/s3_bucket_acl.tf",
            "line": 30,
            "column": 1
          }
        ],
        "attributes": [
          {
            "path": [
              "acl"
            ],
            "location": {
              "filepath": "spec/rules/S3_BUCKET_ACL/inputs/s3_bucket_acl.tf",
              "line": 34,
              "column": 3
            }
          },
          {
            "path": [
              "bucket"
            ],
            "location": {
              "filepath": "spec/rules/S3_BUCKET_ACL/inputs/s3_bucket_acl.tf",
              "line": 33,
              "column": 3
            }
          }
        ]
      }
    ]
  }
]